// Vitest Snapshot v1, https://vitest.dev/guide/snapshot.html

exports[`ForgeAvatar > generates correct initials from name 1`] = `
<span
  data-part="fallback"
  data-scope="avatar"
  data-state="visible"
  data-v-e0ba0d7f=""
  dir="ltr"
  id="avatar:v-0:fallback"
>
  
  JM
  
</span>
`;

exports[`ForgeAvatar > renders initials when src is not provided or image fails to load 1`] = `
<span
  data-part="fallback"
  data-scope="avatar"
  data-state="visible"
  data-v-e0ba0d7f=""
  dir="ltr"
  id="avatar:v-0:fallback"
>
  
  JD
  
</span>
`;

exports[`ForgeAvatar > renders with image when src is provided 1`] = `
<img
  alt="John Doe"
  data-part="image"
  data-scope="avatar"
  data-state="hidden"
  data-v-e0ba0d7f=""
  dir="ltr"
  hidden=""
  id="avatar:v-0:image"
  src="https://avatars.githubusercontent.com/u/16015740?v=4"
/>
`;
